  0.5184588215E-01
  0.2563176235    
  0.6080266007    
   1.089030049    
  0.7841692528    
  0.4246404784    
  0.1042162725    
  0.2829363429E-01
  0.7280522412E-02
  0.1919215278E-02
  0.5126320184E-03
  0.1548457845E-03
  0.3850236601E-04
