  0.3040989963E-12
  0.3037793011E-12
  0.3024182384E-12
  0.2998954477E-12
  0.3019265061E-12
  0.3840882739E-12
  0.5151024365E-12
  0.5115931836E-12
  0.5096215814E-12
  0.5078147115E-12
  0.5076908221E-12
  0.5076480772E-12
  0.5076148960E-12
  0.5076144930E-12
  0.5076129439E-12
