    0.377292487023    
    0.376043498156    
    0.370414294891    
    0.358543397662    
    0.338891635333    
    0.328659723208    
    0.324292934434    
    0.324514777833    
    0.324556297947    
    0.324624555538    
    0.324632427296    
    0.324635206080    
    0.324637370945    
    0.324637401534    
    0.324637504054    
