     8 : nqpt; q-point, vql, gclq below
     1   0.000000000       0.000000000       0.000000000       867.8559637    
     2  0.2500000000       0.000000000       0.000000000       112.4998170    
     3  0.5000000000       0.000000000       0.000000000       25.53150151    
     4  0.2500000000      0.2500000000       0.000000000       79.05628373    
     5  0.5000000000      0.2500000000       0.000000000       27.54302748    
     6 -0.2500000000      0.2500000000       0.000000000       39.90236866    
     7  0.5000000000      0.5000000000       0.000000000       18.72744249    
     8  0.7500000000      0.5000000000      0.2500000000       14.72049371    
