
scale
 1.0

scale1
 1.0

scale2
 1.0

scale3
 1.0

avec
   3.804020000       3.804020000       0.000000000    
   3.804020000       0.000000000       3.804020000    
   0.000000000       3.804020000       3.804020000    

atoms
   2                                    : nspecies
'Li.in'                                 : spfname
   1                                    : natoms; atpos, bfcmt below
    0.00000000    0.00000000    0.00000000    0.00000000  0.00000000  0.00000000
'F.in'                                  : spfname
   1                                    : natoms; atpos, bfcmt below
    0.50000000    0.50000000    0.50000000    0.00000000  0.00000000  0.00000000
