     8 : nkpt; k-point, vkl, wkpt, nmat below
     1   0.000000000       0.000000000       0.000000000      0.1562500000E-01     126
     2  0.2500000000       0.000000000       0.000000000      0.1250000000         111
     3  0.5000000000       0.000000000       0.000000000      0.6250000000E-01     103
     4  0.2500000000      0.2500000000       0.000000000      0.9375000000E-01     114
     5  0.5000000000      0.2500000000       0.000000000      0.3750000000         110
     6  0.7500000000      0.2500000000       0.000000000      0.1875000000         106
     7  0.5000000000      0.5000000000       0.000000000      0.4687500000E-01     105
     8  0.7500000000      0.5000000000      0.2500000000      0.9375000000E-01     113
