     8 : nqpt; q-point, vql, wqpt below
     1   0.000000000       0.000000000       0.000000000      0.1562500000E-01
     2  0.2500000000       0.000000000       0.000000000      0.1250000000    
     3  0.5000000000       0.000000000       0.000000000      0.6250000000E-01
     4  0.2500000000      0.2500000000       0.000000000      0.9375000000E-01
     5  0.5000000000      0.2500000000       0.000000000      0.3750000000    
     6 -0.2500000000      0.2500000000       0.000000000      0.1875000000    
     7  0.5000000000      0.5000000000       0.000000000      0.4687500000E-01
     8  0.7500000000      0.5000000000      0.2500000000      0.9375000000E-01
