  0.2618368026    
  0.2366108293    
  0.1794291179    
  0.8009221665E-01
  0.2524687458E-01
  0.8985985413E-03
  0.6992635590E-03
  0.3842439403E-03
  0.4929623769E-04
  0.9222124239E-05
  0.3375727381E-05
  0.8997051734E-06
  0.2779916093E-06
