'regularised Coulomb Green''s function (gclq)'
       2       8
    0.100000000000E-07
       1     867.855963728    
       2     112.499817007    
       3     25.5315015099    
       4     79.0562837288    
       5     27.5430274821    
       6     39.9023686606    
       7     18.7274424854    
       8     14.7204937058    
