    -109.425053947    
    -109.373208065    
    -109.129851912    
    -108.585904717    
    -107.648881318    
    -107.136969578    
    -106.908371412    
    -106.910315259    
    -106.908075693    
    -106.907868579    
    -106.907769495    
    -106.907736667    
    -106.907709979    
    -106.907710188    
    -106.907708837    
